###############################################################################
#
# IAR ELF Linker V7.70.1.11437/W32 for ARM                29/Oct/2017  21:23:06
# Copyright 2007-2016 IAR Systems AB.
#
#    Output file  =  
#        C:\Users\Victor\Documents\GitHub\Cortex\EWARM\Debug\Exe\Cortex.out
#    Map file     =  
#        C:\Users\Victor\Documents\GitHub\Cortex\EWARM\Debug\List\Cortex.map
#    Command line =  
#        C:\Users\Victor\Documents\GitHub\Cortex\EWARM\Debug\Obj\cmsis_os.o
#        C:\Users\Victor\Documents\GitHub\Cortex\EWARM\Debug\Obj\croutine.o
#        C:\Users\Victor\Documents\GitHub\Cortex\EWARM\Debug\Obj\event_groups.o
#        C:\Users\Victor\Documents\GitHub\Cortex\EWARM\Debug\Obj\freertos.o
#        C:\Users\Victor\Documents\GitHub\Cortex\EWARM\Debug\Obj\heap_4.o
#        C:\Users\Victor\Documents\GitHub\Cortex\EWARM\Debug\Obj\list.o
#        C:\Users\Victor\Documents\GitHub\Cortex\EWARM\Debug\Obj\main.o
#        C:\Users\Victor\Documents\GitHub\Cortex\EWARM\Debug\Obj\port.o
#        C:\Users\Victor\Documents\GitHub\Cortex\EWARM\Debug\Obj\portasm.o
#        C:\Users\Victor\Documents\GitHub\Cortex\EWARM\Debug\Obj\queue.o
#        C:\Users\Victor\Documents\GitHub\Cortex\EWARM\Debug\Obj\startup_stm32f103xb.o
#        C:\Users\Victor\Documents\GitHub\Cortex\EWARM\Debug\Obj\stm32f1xx_hal.o
#        C:\Users\Victor\Documents\GitHub\Cortex\EWARM\Debug\Obj\stm32f1xx_hal_can.o
#        C:\Users\Victor\Documents\GitHub\Cortex\EWARM\Debug\Obj\stm32f1xx_hal_cortex.o
#        C:\Users\Victor\Documents\GitHub\Cortex\EWARM\Debug\Obj\stm32f1xx_hal_dma.o
#        C:\Users\Victor\Documents\GitHub\Cortex\EWARM\Debug\Obj\stm32f1xx_hal_flash.o
#        C:\Users\Victor\Documents\GitHub\Cortex\EWARM\Debug\Obj\stm32f1xx_hal_flash_ex.o
#        C:\Users\Victor\Documents\GitHub\Cortex\EWARM\Debug\Obj\stm32f1xx_hal_gpio.o
#        C:\Users\Victor\Documents\GitHub\Cortex\EWARM\Debug\Obj\stm32f1xx_hal_gpio_ex.o
#        C:\Users\Victor\Documents\GitHub\Cortex\EWARM\Debug\Obj\stm32f1xx_hal_msp.o
#        C:\Users\Victor\Documents\GitHub\Cortex\EWARM\Debug\Obj\stm32f1xx_hal_pwr.o
#        C:\Users\Victor\Documents\GitHub\Cortex\EWARM\Debug\Obj\stm32f1xx_hal_rcc.o
#        C:\Users\Victor\Documents\GitHub\Cortex\EWARM\Debug\Obj\stm32f1xx_hal_rcc_ex.o
#        C:\Users\Victor\Documents\GitHub\Cortex\EWARM\Debug\Obj\stm32f1xx_hal_tim.o
#        C:\Users\Victor\Documents\GitHub\Cortex\EWARM\Debug\Obj\stm32f1xx_hal_tim_ex.o
#        C:\Users\Victor\Documents\GitHub\Cortex\EWARM\Debug\Obj\stm32f1xx_hal_timebase_TIM.o
#        C:\Users\Victor\Documents\GitHub\Cortex\EWARM\Debug\Obj\stm32f1xx_it.o
#        C:\Users\Victor\Documents\GitHub\Cortex\EWARM\Debug\Obj\system_stm32f1xx.o
#        C:\Users\Victor\Documents\GitHub\Cortex\EWARM\Debug\Obj\tasks.o
#        C:\Users\Victor\Documents\GitHub\Cortex\EWARM\Debug\Obj\timers.o
#        --redirect _Printf=_PrintfFull --redirect _Scanf=_ScanfFull -o
#        C:\Users\Victor\Documents\GitHub\Cortex\EWARM\Debug\Exe\Cortex.out
#        --map
#        C:\Users\Victor\Documents\GitHub\Cortex\EWARM\Debug\List\Cortex.map
#        --config
#        C:\Users\Victor\Documents\GitHub\Cortex\EWARM/stm32f103xb_flash.icf
#        --semihosting --entry __iar_program_start --vfe
#
###############################################################################

*******************************************************************************
*** RUNTIME MODEL ATTRIBUTES
***

CppFlavor       = *
__SystemLibrary = DLib


*******************************************************************************
*** PLACEMENT SUMMARY
***

"A0":  place at 0x08000000 { ro section .intvec };
"P1":  place in [from 0x08000000 to 0x0801ffff] { ro };
"P2":  place in [from 0x20000000 to 0x20004fff] { rw, block CSTACK, block HEAP };
initialize by copy { rw };

  Section            Kind        Address    Size  Object
  -------            ----        -------    ----  ------
"A0":                                       0xec
  .intvec            ro code  0x08000000    0xec  startup_stm32f103xb.o [1]
                            - 0x080000ec    0xec

"P1":                                     0x1e50
  .text              ro code  0x080000ec   0x538  tasks.o [1]
  .text              ro code  0x08000624   0x1b4  heap_4.o [1]
  .text              ro code  0x080007d8    0x8e  list.o [1]
  .text              ro code  0x08000868   0x158  port.o [1]
  CODE               ro code  0x080009c0    0x88  portasm.o [1]
  .text              ro code  0x08000a48   0x4d6  stm32f1xx_hal_rcc.o [1]
  .text              ro code  0x08000f20     0xc  stm32f1xx_hal.o [1]
  .text              ro code  0x08000f2c    0x78  stm32f1xx_hal_timebase_TIM.o [1]
  .text              ro code  0x08000fa4    0x56  ABImemcpy_unaligned.o [4]
  .text              ro code  0x08000ffc    0xd8  stm32f1xx_hal_cortex.o [1]
  .text              ro code  0x080010d4   0x3da  stm32f1xx_hal_tim.o [1]
  .text              ro code  0x080014b0   0x10c  stm32f1xx_hal_msp.o [1]
  .text              ro code  0x080015bc     0x2  stm32f1xx_hal_tim.o [1]
  .text              ro code  0x080015be     0x2  stm32f1xx_hal_tim.o [1]
  .text              ro code  0x080015c0   0x1bc  main.o [1]
  .text              ro code  0x0800177c     0x2  stm32f1xx_hal_tim_ex.o [1]
  .text              ro code  0x0800177e     0x2  stm32f1xx_hal_tim.o [1]
  .text              ro code  0x08001780     0x2  stm32f1xx_hal_tim_ex.o [1]
  .text              ro code  0x08001782     0x2  stm32f1xx_hal_tim.o [1]
  .text              ro code  0x08001784   0x1a8  stm32f1xx_hal_gpio.o [1]
  .text              ro code  0x0800192c    0x24  stm32f1xx_hal.o [1]
  .text              ro code  0x08001950   0x2d0  stm32f1xx_hal_can.o [1]
  .text              ro code  0x08001c20    0x64  cmsis_os.o [1]
  .text              ro code  0x08001c84    0x4a  stm32f1xx_hal_tim_ex.o [1]
  .text              ro code  0x08001cd0    0x10  stm32f1xx_hal.o [1]
  .text              ro code  0x08001ce0    0x5c  system_stm32f1xx.o [1]
  .text              ro code  0x08001d3c    0x40  zero_init3.o [4]
  .text              ro code  0x08001d7c    0x2c  copy_init3.o [4]
  .text              ro code  0x08001da8    0x28  data_init.o [4]
  .iar.init_table    const    0x08001dd0    0x24  - Linker created -
  .text              ro code  0x08001df4    0x1c  stm32f1xx_it.o [1]
  .text              ro code  0x08001e10    0x1a  cmain.o [4]
  .text              ro code  0x08001e2a     0x4  low_level_init.o [3]
  .text              ro code  0x08001e2e     0x4  exit.o [3]
  .text              ro code  0x08001e34     0xa  cexit.o [4]
  .text              ro code  0x08001e40    0x14  exit.o [5]
  .text              ro code  0x08001e54    0x10  startup_stm32f103xb.o [1]
  Initializer bytes  const    0x08001e64    0x10  <for P2-1>
  .rodata            const    0x08001e74     0xc  main.o [1]
  .text              ro code  0x08001e80     0xc  cstartup_M.o [4]
  .rodata            const    0x08001e8c     0x8  system_stm32f1xx.o [1]
  .text              ro code  0x08001e94     0x4  startup_stm32f103xb.o [1]
  .text              ro code  0x08001e98     0x4  startup_stm32f103xb.o [1]
  .text              ro code  0x08001e9c     0x4  startup_stm32f103xb.o [1]
  .text              ro code  0x08001ea0     0x4  startup_stm32f103xb.o [1]
  .text              ro code  0x08001ea4     0x4  startup_stm32f103xb.o [1]
  .text              ro code  0x08001ea8     0x4  startup_stm32f103xb.o [1]
  .text              ro code  0x08001eac     0x4  startup_stm32f103xb.o [1]
  .text              ro code  0x08001eb0     0x4  startup_stm32f103xb.o [1]
  .text              ro code  0x08001eb4     0x4  startup_stm32f103xb.o [1]
  .text              ro code  0x08001eb8     0x4  startup_stm32f103xb.o [1]
  .text              ro code  0x08001ebc     0x4  startup_stm32f103xb.o [1]
  .text              ro code  0x08001ec0     0x4  startup_stm32f103xb.o [1]
  .text              ro code  0x08001ec4     0x4  startup_stm32f103xb.o [1]
  .text              ro code  0x08001ec8     0x4  startup_stm32f103xb.o [1]
  .text              ro code  0x08001ecc     0x4  startup_stm32f103xb.o [1]
  .text              ro code  0x08001ed0     0x4  startup_stm32f103xb.o [1]
  .text              ro code  0x08001ed4     0x4  startup_stm32f103xb.o [1]
  .text              ro code  0x08001ed8     0x4  startup_stm32f103xb.o [1]
  .text              ro code  0x08001edc     0x4  startup_stm32f103xb.o [1]
  .text              ro code  0x08001ee0     0x4  startup_stm32f103xb.o [1]
  .text              ro code  0x08001ee4     0x4  startup_stm32f103xb.o [1]
  .text              ro code  0x08001ee8     0x4  startup_stm32f103xb.o [1]
  .text              ro code  0x08001eec     0x4  startup_stm32f103xb.o [1]
  .text              ro code  0x08001ef0     0x4  startup_stm32f103xb.o [1]
  .text              ro code  0x08001ef4     0x4  startup_stm32f103xb.o [1]
  .text              ro code  0x08001ef8     0x4  startup_stm32f103xb.o [1]
  .text              ro code  0x08001efc     0x4  startup_stm32f103xb.o [1]
  .text              ro code  0x08001f00     0x4  startup_stm32f103xb.o [1]
  .text              ro code  0x08001f04     0x4  startup_stm32f103xb.o [1]
  .text              ro code  0x08001f08     0x4  startup_stm32f103xb.o [1]
  .text              ro code  0x08001f0c     0x4  startup_stm32f103xb.o [1]
  .text              ro code  0x08001f10     0x4  startup_stm32f103xb.o [1]
  .text              ro code  0x08001f14     0x4  startup_stm32f103xb.o [1]
  .text              ro code  0x08001f18     0x4  startup_stm32f103xb.o [1]
  .text              ro code  0x08001f1c     0x4  startup_stm32f103xb.o [1]
  .text              ro code  0x08001f20     0x4  startup_stm32f103xb.o [1]
  .text              ro code  0x08001f24     0x4  startup_stm32f103xb.o [1]
  .text              ro code  0x08001f28     0x4  startup_stm32f103xb.o [1]
  .text              ro code  0x08001f2c     0x4  startup_stm32f103xb.o [1]
  .text              ro code  0x08001f30     0x4  startup_stm32f103xb.o [1]
  .text              ro code  0x08001f34     0x4  startup_stm32f103xb.o [1]
  .text              ro code  0x08001f38     0x4  startup_stm32f103xb.o [1]
  .rodata            const    0x08001f3c     0x0  zero_init3.o [4]
  .rodata            const    0x08001f3c     0x0  copy_init3.o [4]
                            - 0x08001f3c  0x1e50

"P2", part 1 of 3:                          0x10
  P2-1                        0x20000000    0x10  <Init block>
    .data            inited   0x20000000     0xc  port.o [1]
    .data            inited   0x2000000c     0x4  system_stm32f1xx.o [1]
                            - 0x20000010    0x10

"P2", part 2 of 3:                         0x400
  CSTACK                      0x20000010   0x400  <Block>
    CSTACK           uninit   0x20000010   0x400  <Block tail>
                            - 0x20000410   0x400

"P2", part 3 of 3:                         0xe2c
  .bss               zero     0x20000410   0xc18  heap_4.o [1]
  .bss               zero     0x20001028    0xa0  tasks.o [1]
  .bss               zero     0x200010c8    0x8c  tasks.o [1]
  .bss               zero     0x20001154    0x64  main.o [1]
  .bss               zero     0x200011b8    0x40  main.o [1]
  .bss               zero     0x200011f8    0x40  stm32f1xx_hal_timebase_TIM.o [1]
  .bss               zero     0x20001238     0x4  stm32f1xx_hal.o [1]
                            - 0x2000123c   0xe2c


*******************************************************************************
*** INIT TABLE
***

          Address     Size
          -------     ----
Zero (__iar_zero_init3)
    1 destination range, total size 0xe2c:
          0x20000410  0xe2c

Copy (__iar_copy_init3)
    1 source range, total size 0x10:
          0x08001e64   0x10
    1 destination range, total size 0x10:
          0x20000000   0x10



*******************************************************************************
*** MODULE SUMMARY
***

    Module                        ro code  ro data  rw data
    ------                        -------  -------  -------
C:\Users\Victor\Documents\GitHub\Cortex\EWARM\Debug\Obj: [1]
    cmsis_os.o                        100
    heap_4.o                          436             3 096
    list.o                            142
    main.o                            444       12      164
    port.o                            344       12       12
    portasm.o                         136
    startup_stm32f103xb.o             420
    stm32f1xx_hal.o                    64                 4
    stm32f1xx_hal_can.o               720
    stm32f1xx_hal_cortex.o            216
    stm32f1xx_hal_gpio.o              424
    stm32f1xx_hal_msp.o               268
    stm32f1xx_hal_rcc.o             1 238
    stm32f1xx_hal_tim.o               994
    stm32f1xx_hal_tim_ex.o             78
    stm32f1xx_hal_timebase_TIM.o      120                64
    stm32f1xx_it.o                     28
    system_stm32f1xx.o                 92       12        4
    tasks.o                         1 336               300
    -------------------------------------------------------
    Total:                          7 600       36    3 644

command line: [2]
    -------------------------------------------------------
    Total:

dl7M_tlf.a: [3]
    exit.o                              4
    low_level_init.o                    4
    -------------------------------------------------------
    Total:                              8

rt7M_tl.a: [4]
    ABImemcpy_unaligned.o              86
    cexit.o                            10
    cmain.o                            26
    copy_init3.o                       44
    cstartup_M.o                       12
    data_init.o                        40
    zero_init3.o                       64
    -------------------------------------------------------
    Total:                            282

shb_l.a: [5]
    exit.o                             20
    -------------------------------------------------------
    Total:                             20

    Gaps                               14
    Linker created                              36    1 024
-----------------------------------------------------------
    Grand Total:                    7 924       72    4 668


*******************************************************************************
*** ENTRY LIST
***

Entry                      Address   Size  Type      Object
-----                      -------   ----  ----      ------
.iar.init_table$$Base   0x08001dd0          --   Gb  - Linker created -
.iar.init_table$$Limit  0x08001df4          --   Gb  - Linker created -
?main                   0x08001e11         Code  Gb  cmain.o [4]
AHBPrescTable           0x08001d2c   0x10  Data  Gb  system_stm32f1xx.o [1]
APBPrescTable           0x08001e8c    0x8  Data  Gb  system_stm32f1xx.o [1]
BusFault_Handler        0x08001dfb    0x2  Code  Gb  stm32f1xx_it.o [1]
CAN_taskHandle          0x200011b4    0x4  Data  Gb  main.o [1]
CSTACK$$Base            0x20000010          --   Gb  - Linker created -
CSTACK$$Limit           0x20000410          --   Gb  - Linker created -
DebugMon_Handler        0x08001dff    0x2  Code  Gb  stm32f1xx_it.o [1]
HAL_CAN_Init            0x08001951   0xe6  Code  Gb  stm32f1xx_hal_can.o [1]
HAL_CAN_MspInit         0x08001535   0x52  Code  Gb  stm32f1xx_hal_msp.o [1]
HAL_CAN_Transmit        0x08001a37  0x1a8  Code  Gb  stm32f1xx_hal_can.o [1]
HAL_GPIO_Init           0x08001785  0x174  Code  Gb  stm32f1xx_hal_gpio.o [1]
HAL_GetTick             0x08000f21    0xc  Code  Wk  stm32f1xx_hal.o [1]
HAL_IncTick             0x08001cd1   0x10  Code  Wk  stm32f1xx_hal.o [1]
HAL_Init                0x0800192d   0x20  Code  Gb  stm32f1xx_hal.o [1]
HAL_InitTick            0x08000f2d   0x66  Code  Gb  stm32f1xx_hal_timebase_TIM.o [1]
HAL_MspInit             0x080014b1   0x84  Code  Gb  stm32f1xx_hal_msp.o [1]
HAL_NVIC_EnableIRQ      0x0800106b    0xc  Code  Gb  stm32f1xx_hal_cortex.o [1]
HAL_NVIC_SetPriority    0x08001031   0x3a  Code  Gb  stm32f1xx_hal_cortex.o [1]
HAL_NVIC_SetPriorityGrouping
                        0x08001017   0x1a  Code  Gb  stm32f1xx_hal_cortex.o [1]
HAL_RCC_ClockConfig     0x08000d23  0x10a  Code  Gb  stm32f1xx_hal_rcc.o [1]
HAL_RCC_GetClockConfig  0x08000ead   0x34  Code  Gb  stm32f1xx_hal_rcc.o [1]
HAL_RCC_GetHCLKFreq     0x08000e93    0x6  Code  Gb  stm32f1xx_hal_rcc.o [1]
HAL_RCC_GetPCLK2Freq    0x08000e99    0xe  Code  Gb  stm32f1xx_hal_rcc.o [1]
HAL_RCC_GetSysClockFreq
                        0x08000e41   0x52  Code  Gb  stm32f1xx_hal_rcc.o [1]
HAL_RCC_OscConfig       0x08000a49  0x2d2  Code  Gb  stm32f1xx_hal_rcc.o [1]
HAL_SYSTICK_CLKSourceConfig
                        0x080010a7   0x14  Code  Gb  stm32f1xx_hal_cortex.o [1]
HAL_SYSTICK_Config      0x0800107f   0x28  Code  Gb  stm32f1xx_hal_cortex.o [1]
HAL_TIMEx_BreakCallback
                        0x0800177d    0x2  Code  Wk  stm32f1xx_hal_tim_ex.o [1]
HAL_TIMEx_CommutationCallback
                        0x08001781    0x2  Code  Wk  stm32f1xx_hal_tim_ex.o [1]
HAL_TIMEx_MasterConfigSynchronization
                        0x08001c85   0x4a  Code  Gb  stm32f1xx_hal_tim_ex.o [1]
HAL_TIM_Base_Init       0x080010d5   0x1a  Code  Gb  stm32f1xx_hal_tim.o [1]
HAL_TIM_Base_MspInit    0x08001587   0x22  Code  Gb  stm32f1xx_hal_msp.o [1]
HAL_TIM_Base_Start_IT   0x080010ef   0x16  Code  Gb  stm32f1xx_hal_tim.o [1]
HAL_TIM_ConfigClockSource
                        0x08001273   0xa8  Code  Gb  stm32f1xx_hal_tim.o [1]
HAL_TIM_IC_CaptureCallback
                        0x080015bd    0x2  Code  Wk  stm32f1xx_hal_tim.o [1]
HAL_TIM_IRQHandler      0x08001121  0x142  Code  Gb  stm32f1xx_hal_tim.o [1]
HAL_TIM_OC_DelayElapsedCallback
                        0x080015bf    0x2  Code  Wk  stm32f1xx_hal_tim.o [1]
HAL_TIM_PWM_PulseFinishedCallback
                        0x08001783    0x2  Code  Wk  stm32f1xx_hal_tim.o [1]
HAL_TIM_PeriodElapsedCallback
                        0x08001747    0xe  Code  Gb  main.o [1]
HAL_TIM_SlaveConfigSynchronization
                        0x0800132f   0x1a  Code  Gb  stm32f1xx_hal_tim.o [1]
HAL_TIM_TriggerCallback
                        0x0800177f    0x2  Code  Wk  stm32f1xx_hal_tim.o [1]
HardFault_Handler       0x08001df7    0x2  Code  Gb  stm32f1xx_it.o [1]
MX_TIM2_Init            0x080016ab   0x5c  Code  Lc  main.o [1]
MemManage_Handler       0x08001df9    0x2  Code  Gb  stm32f1xx_it.o [1]
NMI_Handler             0x08001df5    0x2  Code  Gb  stm32f1xx_it.o [1]
NVIC_SetPriority        0x08000ffd   0x1a  Code  Lc  stm32f1xx_hal_cortex.o [1]
PendSV_Handler          0x080009c1         Code  Gb  portasm.o [1]
Region$$Table$$Base     0x08001dd0          --   Gb  - Linker created -
Region$$Table$$Limit    0x08001df4          --   Gb  - Linker created -
SVC_Handler             0x08000a07         Code  Gb  portasm.o [1]
SysTick_Handler         0x08001e01    0x4  Code  Gb  stm32f1xx_it.o [1]
SystemClock_Config      0x0800164d   0x5e  Code  Gb  main.o [1]
SystemCoreClock         0x2000000c    0x4  Data  Gb  system_stm32f1xx.o [1]
SystemInit              0x08001ce1   0x3a  Code  Gb  system_stm32f1xx.o [1]
TIM1_UP_IRQHandler      0x08001e05    0x6  Code  Gb  stm32f1xx_it.o [1]
TIM_Base_SetConfig      0x08001377   0x5e  Code  Gb  stm32f1xx_hal_tim.o [1]
TIM_ETR_SetConfig       0x0800149b   0x14  Code  Lc  stm32f1xx_hal_tim.o [1]
TIM_ITRx_SetConfig      0x0800148b   0x10  Code  Lc  stm32f1xx_hal_tim.o [1]
TIM_SlaveTimer_SetConfig
                        0x080013d7   0x5a  Code  Lc  stm32f1xx_hal_tim.o [1]
TIM_TI1_ConfigInputStage
                        0x08001445   0x22  Code  Lc  stm32f1xx_hal_tim.o [1]
TIM_TI2_ConfigInputStage
                        0x08001467   0x24  Code  Lc  stm32f1xx_hal_tim.o [1]
UsageFault_Handler      0x08001dfd    0x2  Code  Gb  stm32f1xx_it.o [1]
__cmain                 0x08001e11         Code  Gb  cmain.o [4]
__exit                  0x08001e41   0x14  Code  Gb  exit.o [5]
__iar_copy_init3        0x08001d7d   0x2c  Code  Gb  copy_init3.o [4]
__iar_data_init3        0x08001da9   0x28  Code  Gb  data_init.o [4]
__iar_program_start     0x08001e81         Code  Gb  cstartup_M.o [4]
__iar_unaligned___aeabi_memcpy4
                        0x08000fa5         Code  Gb  ABImemcpy_unaligned.o [4]
__iar_unaligned___aeabi_memcpy8
                        0x08000fa5         Code  Gb  ABImemcpy_unaligned.o [4]
__iar_zero_init3        0x08001d3d   0x40  Code  Gb  zero_init3.o [4]
__low_level_init        0x08001e2b    0x4  Code  Gb  low_level_init.o [3]
__vector_table          0x08000000         Data  Gb  startup_stm32f103xb.o [1]
_call_main              0x08001e1d         Code  Gb  cmain.o [4]
_exit                   0x08001e35         Code  Gb  cexit.o [4]
_main                   0x08001e27         Code  Gb  cmain.o [4]
can_task                0x08001707   0x40  Code  Gb  main.o [1]
exit                    0x08001e2f    0x4  Code  Gb  exit.o [3]
hcan                    0x20001170   0x44  Data  Gb  main.o [1]
htim1                   0x200011f8   0x40  Data  Gb  stm32f1xx_hal_timebase_TIM.o [1]
htim2                   0x200011b8   0x40  Data  Gb  main.o [1]
main                    0x080015c1   0x8c  Code  Gb  main.o [1]
makeFreeRtosPriority    0x08001c21    0xc  Code  Lc  cmsis_os.o [1]
message                 0x20001154   0x1c  Data  Gb  main.o [1]
osDelay                 0x08001c63    0xe  Code  Gb  cmsis_os.o [1]
osKernelStart           0x08001c2d    0xa  Code  Gb  cmsis_os.o [1]
osSystickHandler        0x08001c71   0x14  Code  Gb  cmsis_os.o [1]
osThreadCreate          0x08001c37   0x2c  Code  Gb  cmsis_os.o [1]
prvAddCurrentTaskToDelayedList
                        0x080005a9   0x68  Code  Lc  tasks.o [1]
prvAddNewTaskToReadyList
                        0x080001bd   0xa8  Code  Lc  tasks.o [1]
prvDeleteTCB            0x08000529   0x14  Code  Lc  tasks.o [1]
prvIdleTask             0x080004d5   0x54  Code  Lc  tasks.o [1]
prvInitialiseNewTask    0x08000145   0x78  Code  Lc  tasks.o [1]
prvInsertBlockIntoFreeList
                        0x0800078d   0x46  Code  Lc  heap_4.o [1]
prvResetNextTaskUnblockTime
                        0x0800053d   0x1c  Code  Lc  tasks.o [1]
prvTaskExitError        0x08000889   0x28  Code  Lc  port.o [1]
pvPortMalloc            0x08000625   0xfa  Code  Gb  heap_4.o [1]
pxCurrentTCB            0x20001050    0x4  Data  Gb  tasks.o [1]
pxDelayedTaskList       0x20001054    0x4  Data  Lc  tasks.o [1]
pxEnd                   0x20000418    0x4  Data  Lc  heap_4.o [1]
pxOverflowDelayedTaskList
                        0x20001058    0x4  Data  Lc  tasks.o [1]
pxPortInitialiseStack   0x08000869   0x20  Code  Gb  port.o [1]
pxReadyTasksLists       0x200010c8   0x8c  Data  Lc  tasks.o [1]
ucHeap                  0x20000428  0xc00  Data  Lc  heap_4.o [1]
ucMaxSysCallPriority    0x20000000    0x1  Data  Lc  port.o [1]
ulMaxPRIGROUPValue      0x20000008    0x4  Data  Lc  port.o [1]
uwTick                  0x20001238    0x4  Data  Gb  stm32f1xx_hal.o [1]
uxCriticalNesting       0x20000004    0x4  Data  Lc  port.o [1]
uxCurrentNumberOfTasks  0x20001074    0x4  Data  Lc  tasks.o [1]
uxDeletedTasksWaitingCleanUp
                        0x2000105c    0x4  Data  Lc  tasks.o [1]
uxListRemove            0x08000843   0x24  Code  Gb  list.o [1]
uxPendedTicks           0x20001084    0x4  Data  Lc  tasks.o [1]
uxSchedulerSuspended    0x20001098    0x4  Data  Lc  tasks.o [1]
uxTaskNumber            0x20001090    0x4  Data  Lc  tasks.o [1]
uxTopReadyPriority      0x2000107c    0x4  Data  Lc  tasks.o [1]
vListInitialise         0x080007d9   0x1a  Code  Gb  list.o [1]
vListInitialiseItem     0x080007f3    0x6  Code  Gb  list.o [1]
vListInsert             0x08000811   0x32  Code  Gb  list.o [1]
vListInsertEnd          0x080007f9   0x18  Code  Gb  list.o [1]
vPortEnterCritical      0x08000915   0x32  Code  Gb  port.o [1]
vPortExitCritical       0x08000947   0x24  Code  Gb  port.o [1]
vPortFree               0x08000731   0x4e  Code  Gb  heap_4.o [1]
vPortSetupTimerInterrupt
                        0x080009a1   0x20  Code  Wk  port.o [1]
vPortStartFirstTask     0x08000a27         Code  Gb  portasm.o [1]
vTaskDelay              0x08000265   0x28  Code  Gb  tasks.o [1]
vTaskStartScheduler     0x08000297   0x56  Code  Gb  tasks.o [1]
vTaskSuspendAll         0x080002ed    0xc  Code  Gb  tasks.o [1]
vTaskSwitchContext      0x08000467   0x52  Code  Gb  tasks.o [1]
xBlockAllocatedBit      0x20000424    0x4  Data  Lc  heap_4.o [1]
xDelayedTaskList1       0x2000109c   0x14  Data  Lc  tasks.o [1]
xDelayedTaskList2       0x200010b0   0x14  Data  Lc  tasks.o [1]
xFreeBytesRemaining     0x2000041c    0x4  Data  Lc  heap_4.o [1]
xIdleTaskHandle         0x200010c4    0x4  Data  Lc  tasks.o [1]
xMinimumEverFreeBytesRemaining
                        0x20000420    0x4  Data  Lc  heap_4.o [1]
xNextTaskUnblockTime    0x20001094    0x4  Data  Lc  tasks.o [1]
xNumOfOverflows         0x2000108c    0x4  Data  Lc  tasks.o [1]
xPendingReadyList       0x20001028   0x14  Data  Lc  tasks.o [1]
xPortStartScheduler     0x080008b1   0x64  Code  Gb  port.o [1]
xPortSysTickHandler     0x0800096b   0x26  Code  Gb  port.o [1]
xSchedulerRunning       0x20001080    0x4  Data  Lc  tasks.o [1]
xStart                  0x20000410    0x8  Data  Lc  heap_4.o [1]
xSuspendedTaskList      0x20001060   0x14  Data  Lc  tasks.o [1]
xTaskCreate             0x080000ed   0x58  Code  Gb  tasks.o [1]
xTaskGetSchedulerState  0x08000559   0x18  Code  Gb  tasks.o [1]
xTaskIncrementTick      0x0800039d   0xb6  Code  Gb  tasks.o [1]
xTaskResumeAll          0x080002f9   0x90  Code  Gb  tasks.o [1]
xTasksWaitingTermination
                        0x2000103c   0x14  Data  Lc  tasks.o [1]
xTickCount              0x20001078    0x4  Data  Lc  tasks.o [1]
xYieldPending           0x20001088    0x4  Data  Lc  tasks.o [1]


[1] = C:\Users\Victor\Documents\GitHub\Cortex\EWARM\Debug\Obj
[2] = command line
[3] = dl7M_tlf.a
[4] = rt7M_tl.a
[5] = shb_l.a

  7 924 bytes of readonly  code memory
     72 bytes of readonly  data memory
  4 668 bytes of readwrite data memory

Errors: none
Warnings: none
